// Jest Snapshot v1, https://goo.gl/fbAQLP

exports[`it renders 1`] = `
<ContextProvider
  value={
    Object {
      "setLang": [Function],
      "state": "en",
    }
  }
>
  <TestComponent />
</ContextProvider>
`;
